Apollo → SalesRobot sync running on http://localhost:4747
[2026-04-09T11:11:20.685Z] [REQ] {"method":"POST","path":"/api/salesrobot/accounts"}
[2026-04-09T11:11:20.685Z] [REQ] {"method":"POST","path":"/api/salesrobot/accounts"}
[2026-04-09T11:11:25.767Z] [REQ] {"method":"POST","path":"/api/salesrobot/accounts"}
[2026-04-09T11:11:25.767Z] [REQ] {"method":"POST","path":"/api/salesrobot/accounts"}
[2026-04-09T11:11:57.092Z] [REQ] {"method":"POST","path":"/api/salesrobot/accounts"}
[2026-04-09T11:11:57.092Z] [REQ] {"method":"POST","path":"/api/salesrobot/accounts"}
[2026-04-09T11:12:14.089Z] [REQ] {"method":"POST","path":"/api/salesrobot/accounts"}
[2026-04-09T11:12:14.089Z] [REQ] {"method":"POST","path":"/api/salesrobot/accounts"}
[2026-04-09T11:13:47.881Z] [REQ] {"method":"POST","path":"/api/salesrobot/accounts"}
[2026-04-09T11:13:49.145Z] [RAW_RESPONSE] {"status":200,"url":"https://api.boomtechinc.com/api/linkedinAccounts?page=1&size=50&searchTerm=&sort=id,desc","body":"{\"success\":true,\"message\":\"Linkedin accounts fetched successfully\",\"data\":{\"data\":[{\"profileUrl\":\"https://www.linkedin.com/in/maria-sousa-28520223b\",\"nameOnLinkedinAccount\":\"Maria Sousa\",\"cookieExpired\":false,\"profilePicUrl\":\"https://media.licdn.com/dms/image/v2/D4D03AQHeZN4uqSAYDQ/profile-displayphoto-scale_200_200/B4DZy5BJ.5IUAY-/0/1772630638630?e=1777507200&v=beta&t=ItiQJ09VT16zabvsuFYLUVTSAvzMNA013gPE_ZlZjK0\",\"mostRecentLiAtCookie\":null,\"linkedinAccountUuid\":\"bc7bafbc-eee4-4dd9-b8d3-ef363f31"}
[2026-04-09T11:18:08.264Z] [REQ] {"method":"POST","path":"/api/salesrobot/accounts"}
[2026-04-09T11:18:11.239Z] [RAW_RESPONSE] {"status":200,"url":"https://api.boomtechinc.com/api/linkedinAccounts?page=1&size=50&searchTerm=&sort=id,desc","body":"{\"success\":true,\"message\":\"Linkedin accounts fetched successfully\",\"data\":{\"data\":[{\"profileUrl\":\"https://www.linkedin.com/in/maria-sousa-28520223b\",\"nameOnLinkedinAccount\":\"Maria Sousa\",\"cookieExpired\":false,\"profilePicUrl\":\"https://media.licdn.com/dms/image/v2/D4D03AQHeZN4uqSAYDQ/profile-displayphoto-scale_200_200/B4DZy5BJ.5IUAY-/0/1772630638630?e=1777507200&v=beta&t=ItiQJ09VT16zabvsuFYLUVTSAvzMNA013gPE_ZlZjK0\",\"mostRecentLiAtCookie\":null,\"linkedinAccountUuid\":\"bc7bafbc-eee4-4dd9-b8d3-ef363f31"}
[2026-04-09T11:18:54.983Z] [REQ] {"method":"POST","path":"/api/salesrobot/campaigns"}
[2026-04-09T11:18:56.623Z] [RAW_RESPONSE] {"status":200,"url":"https://app.boomtechinc.com/api/campaigns?linkedinAccountUuid=ca18a474-479e-4841-b46d-4328a9069db6","body":"{\"success\":true,\"message\":\"Campaigns fetched successfully\",\"data\":{\"data\":[{\"uuid\":\"41187e57-4d7e-49ac-8cc6-3cac942805d2\",\"name\":\"sgbgds\",\"campaignStatus\":\"CREATED\",\"viewedCount\":0,\"connectionRequestSentCount\":0,\"connectionRequestAcceptedCount\":0,\"repliedCount\":0,\"emailRepliedCount\":0,\"inMailMessageCount\":0,\"campaignProgress\":0,\"failureCount\":0,\"firstEmailSentCount\":0,\"followUpSentCount\":0,\"voiceMessageSentCount\":0,\"videoMessageSentCount\":0,\"emailFollowUpsCount\":0,\"followCount\":0,\"likeCommentCou"}
[2026-04-09T11:22:22.823Z] [REQ] {"method":"POST","path":"/api/salesrobot/accounts"}
[2026-04-09T11:22:24.155Z] [RAW_RESPONSE] {"status":200,"url":"https://api.boomtechinc.com/api/linkedinAccounts?page=1&size=50&searchTerm=&sort=id,desc","body":"{\"success\":true,\"message\":\"Linkedin accounts fetched successfully\",\"data\":{\"data\":[{\"profileUrl\":\"https://www.linkedin.com/in/maria-sousa-28520223b\",\"nameOnLinkedinAccount\":\"Maria Sousa\",\"cookieExpired\":false,\"profilePicUrl\":\"https://media.licdn.com/dms/image/v2/D4D03AQHeZN4uqSAYDQ/profile-displayphoto-scale_200_200/B4DZy5BJ.5IUAY-/0/1772630638630?e=1777507200&v=beta&t=ItiQJ09VT16zabvsuFYLUVTSAvzMNA013gPE_ZlZjK0\",\"mostRecentLiAtCookie\":null,\"linkedinAccountUuid\":\"bc7bafbc-eee4-4dd9-b8d3-ef363f31"}
[2026-04-09T11:22:33.697Z] [REQ] {"method":"POST","path":"/api/salesrobot/campaigns"}
[2026-04-09T11:22:36.529Z] [RAW_RESPONSE] {"status":200,"url":"https://app.boomtechinc.com/api/campaigns?linkedinAccountUuid=ca18a474-479e-4841-b46d-4328a9069db6&page=1&size=50","body":"{\"success\":true,\"message\":\"Campaigns fetched successfully\",\"data\":{\"data\":[{\"uuid\":\"bac42fd8-70aa-44d0-8fad-1b26a6a60093\",\"name\":\"Matt Alsford from Voluntas Group demo\",\"campaignStatus\":\"PAUSED\",\"viewedCount\":0,\"connectionRequestSentCount\":1,\"connectionRequestAcceptedCount\":0,\"repliedCount\":0,\"emailRepliedCount\":0,\"inMailMessageCount\":0,\"campaignProgress\":100,\"failureCount\":0,\"firstEmailSentCount\":0,\"followUpSentCount\":0,\"voiceMessageSentCount\":0,\"videoMessageSentCount\":0,\"emailFollowUpsCount\":0"}
[2026-04-09T11:22:36.530Z] [CAMPAIGN_STATUSES] {"page":1,"totalElements":107,"statusSummary":{"PAUSED":32,"CREATED":13,"STARTED":5}}
[2026-04-09T11:22:38.104Z] [RAW_RESPONSE] {"status":200,"url":"https://app.boomtechinc.com/api/campaigns?linkedinAccountUuid=ca18a474-479e-4841-b46d-4328a9069db6&page=2&size=50","body":"{\"success\":true,\"message\":\"Campaigns fetched successfully\",\"data\":{\"data\":[{\"uuid\":\"c372f39d-b4c5-429c-bac8-0abd43d77a37\",\"name\":\"test\",\"campaignStatus\":\"CREATED\",\"viewedCount\":0,\"connectionRequestSentCount\":0,\"connectionRequestAcceptedCount\":0,\"repliedCount\":0,\"emailRepliedCount\":0,\"inMailMessageCount\":0,\"campaignProgress\":0,\"failureCount\":0,\"firstEmailSentCount\":0,\"followUpSentCount\":0,\"voiceMessageSentCount\":0,\"videoMessageSentCount\":0,\"emailFollowUpsCount\":0,\"followCount\":0,\"likeCommentCount"}
[2026-04-09T11:22:38.398Z] [RAW_RESPONSE] {"status":200,"url":"https://app.boomtechinc.com/api/campaigns?linkedinAccountUuid=ca18a474-479e-4841-b46d-4328a9069db6&page=3&size=50","body":"{\"success\":true,\"message\":\"Campaigns fetched successfully\",\"data\":{\"data\":[{\"uuid\":\"797ceb4b-c72f-4708-ae45-071a445783f0\",\"name\":\"advanced user flow\",\"campaignStatus\":\"PAUSED\",\"viewedCount\":0,\"connectionRequestSentCount\":0,\"connectionRequestAcceptedCount\":0,\"repliedCount\":0,\"emailRepliedCount\":0,\"inMailMessageCount\":0,\"campaignProgress\":0,\"failureCount\":0,\"firstEmailSentCount\":0,\"followUpSentCount\":0,\"voiceMessageSentCount\":0,\"videoMessageSentCount\":0,\"emailFollowUpsCount\":0,\"followCount\":0,\"lik"}
[2026-04-09T11:22:38.399Z] [CAMPAIGNS_FETCHED] {"totalFetched":107}
[2026-04-09T11:22:52.004Z] [REQ] {"method":"POST","path":"/api/apollo/tasks"}
[2026-04-09T11:22:55.570Z] [REQ] {"method":"POST","path":"/api/salesrobot/add-prospect"}
[2026-04-09T11:22:55.571Z] [ADD_PROSPECT] {"campaignUuid":"a2bfcc3b-b5e4-4e28-a1bc-d07c64d0e9a5","linkedinAccountUuid":"ca18a474-479e-4841-b46d-4328a9069db6","prospect":{"profileUrl":"http://www.linkedin.com/in/chetandashora","firstName":"Chetan","lastName":"D.","fullName":"Chetan D.","emailId":"","jobTitle":"Senior Information Technology Manager","companyName":"Centene Corporation","phoneNo":"","profilePhoto":"","salesNavUrl":null}}
[2026-04-09T11:22:56.315Z] [RAW_RESPONSE] {"status":200,"url":"https://api.boomtechinc.com/api/add-single-prospect?campaignUuid=a2bfcc3b-b5e4-4e28-a1bc-d07c64d0e9a5&linkedinAccountUuid=ca18a474-479e-4841-b46d-4328a9069db6","body":"{\"success\":true,\"message\":\"Single prospect added successfully\",\"data\":\"Success\"}"}
[2026-04-09T11:22:56.316Z] [SR_RESPONSE] {"status":200,"body":{"success":true,"message":"Single prospect added successfully","data":"Success"}}
